-----------------------------------------------------------------------------------------------------------------------------------------------------------------------------------------------------------------------------------------
      name:  <unnamed>
       log:  \\delta\jrc\B\B.6\scidata\users\FR\doe\dpt_of_excellence\logs/2025.11.03-12.02.45.log.txt
  log type:  text
 opened on:   3 Nov 2025, 12:02:45

. 
. di "Begin date and time: $S_DATE $S_TIME"
Begin date and time:  3 Nov 2025 12:02:45

. di "Stata version: `c(stata_version)'"
Stata version: 18.5

. di "Updated as of: `c(born_date)'"
Updated as of: 04 Sep 2024

. di "Variant:       `=cond( c(MP),"MP",cond(c(SE),"SE",c(flavor)) )'"
Variant:       MP

. di "Processors:    `c(processors)'"
Processors:    8

. di "OS:            `c(os)' `c(osdtl)'"
OS:            Windows 64-bit

. di "Machine type:  `c(machine_type)'"
Machine type:  PC (64-bit x86-64)

. 
. // Set Date
. global date = subinstr("$S_DATE", " ", "-", .)

. 
. // Version of stata
. version 18

. 
. // Specify Screen Width for log files
. set linesize 255

. 
. // Set Graph Scheme
. graph set window fontface default

. set scheme plotplainblind
scheme plotplainblind not found
r(111);

end of do-file

r(111);

. do "C:\Users\rentofr\AppData\Local\Temp\STD2af8_000001.tmp"

. *=============================================================================*
. * Project title: The effect of DoE on university department hiring
. * Created by: Francesco Rentocchini and Ugo Rizzo
. * Original Date: 21/03/2024
. * Last Update: 11/3/2025
. *=============================================================================*
. 
. // Clear Memory
. *=============================================================================*
. clear all

. 
. // Set options 
. *=============================================================================*
. 
. // Download raw data (0 for no; 1 for yes)
. global downloads 1

. 
. // Build dataset used in analysis (0 for no; 1 for yes)
. global build_data 0

. 
. // Run main analysis script (0 for no; 1 for yes)
. global analysis 0

. 
. // Run rob check script (0 for no; 1 for yes)
. global robcheck 0 

. 
. // Run partial effects (0 for no; 1 for yes)
. global partial 0

. 
. // Run rob check script long (0 for no; 1 for yes)
. global robcheck_long 0

. 
. 
. 
. // Use included packages
. *=============================================================================*
. cap mkdir "stata_packages"

. 
. cap adopath - PERSONAL

. cap adopath - PLUS

. cap adopath - SITE

. cap adopath - OLDPLACE

. adopath + "stata_packages"
  [1]  (BASE)      "C:\Program Files\StataNow18\ado\base/"
  [2]              "."
  [3]              "stata_packages"

. net set ado "stata_packages"

. 
. 
. // Download packages 
. local packages  blindschemes

. if $downloads == 1 {
.         foreach name of local packages  {
  2.                 ssc install `name',replace      // Install  Packages
  3.         }
checking blindschemes consistency and verifying not already installed...
installing into stata_packages\...
installation complete.
. 
.         *estout cleanplots coefplot psweight reghdfe ftools ppmlhdfe  ///
>         drdid
.         *net install http://www.stata.com/users/vwiggins/grc1leg.pkg
.         *net install sdid, ///
>                 from("https://raw.githubusercontent.com/daniel-pailanir/sdid/master") replace
. }

. 
. 
. // Create file paths 
. *=============================================================================*
. * data
. cap mkdir "data"

. cap mkdir "data/data_for_analysis"

. cap mkdir "data/raw_data" 

. 
. * directory for temporary files
. cap mkdir "temp"

. 
. * directory for results
. cap mkdir "output"

. 
. * directory for logs
. cap mkdir "logs"

. 
. * directory for auxiliary scripts
. cap mkdir "scripts/auxiliary"

. 
. 
. // Set your file paths, These are relative to where the project file is saved. 
. *=============================================================================*
. 
. global data_path "data/data_for_analysis"

. global raw_data_path "data/raw_data" 

. global temp_path "temp" 

. 
. global script_path "scripts" 

. global aux_path "scripts/auxiliary" 

. 
. global output "output" 

. global log_path "logs" 

. 
. 
. 
. // Initialize log and record system parameters
. cap log close
